$ node scripts/run-framework.mjs build
/usr/bin/timeout
Running bounded vinext build...

  vinext build  (Vite 8.0.13)

[33m▲ [43;33m[[43;30mWARNING[43;33m][0m [1mProxy environment variables detected. We'll use your proxy for fetch requests.[0m


[1/5] analyze client references...
[2Ktransforming...✓ 238 modules transformed.
rendering chunks...
✓ built in 849ms
[2/5] analyze server references...
[2Ktransforming...✓ 216 modules transformed.
rendering chunks...
✓ built in 501ms
[3/5] build rsc environment...
[2Ktransforming...✓ 235 modules transformed.
rendering chunks...
computing gzip size...
✓ built in 690ms
[4/5] build client environment...
[2Ktransforming...✓ 2028 modules transformed.
rendering chunks...
computing gzip size...
✓ built in 1.61s
[5/5] build ssr environment...
[2Ktransforming...✓ 222 modules transformed.
rendering chunks...
computing gzip size...
