✔ planner uses bounded structured model output (3.397274ms)
✔ planner cannot omit review packaging stages (0.271189ms)
✔ planner reports missing actual model config (0.386573ms)
✔ replanning cannot retry unsupported evidence (0.426222ms)
✔ transient failure receives bounded recovery (1.444299ms)
✔ retry budget exhaustion holds without model call (0.25835ms)
✔ market-specific evidence tool excludes foreign market (1.728808ms)
✔ bounded backoff has delay and upper bound (0.104097ms)
✔ unconfigured AI preserves evidence and does not call provider (9.527402ms)
✔ two model passes and exact citations preserve human lock (10.124683ms)
✔ invented citations cannot reach reviewer or saved AI claims (5.574799ms)
✔ review rejection keeps extractive fallback (2.737499ms)
✔ provider errors do not leak credential or response (0.780768ms)
✔ empty or unknown evidence citations rejected (0.330558ms)
✔ missing or same reviewer model stays HOLD before a provider call (0.751844ms)
✔ provider model drift is rejected and records a failed receipt (2.404838ms)
✔ truncated valid JSON cannot be counted as a completed model pass (0.74239ms)
✔ missing provider identity cannot impersonate pinned model (0.976333ms)
✔ successful roles preserve separate receipts and exact evidence fingerprint (1.94205ms)
✔ provider redirects are never followed with credentials (0.564952ms)
✔ assistant returns exact source selection only (1.068892ms)
✔ assistant rejects invented or unknown citations (0.331731ms)
✔ assistant missing evidence cannot return mixed success (0.734598ms)
✔ assistant bounds and deduplicates quotations (0.232391ms)
✔ Auth return navigation rejects offsite, slash/backslash, reserved and malformed destinations (1.110475ms)
✔ Manual email is normalized; invalid and overlong values fail (0.346653ms)
✔ Passphrase length uses UTF-8 bytes so bcrypt never silently truncates (0.235254ms)
✔ Auth mutation requires explicit matching Origin and rejects cross-site (1.66362ms)
✔ Session token is random 256 bit opaque value; only its hash is persistent (18.487402ms)
✔ Session cookie is host-bound secure HttpOnly with SameSite and bounded expiry (0.443639ms)
✔ Actual bcrypt cost12 salted hashes accept right and reject wrong passphrase (1264.424483ms)
✔ exact change is preserved before interpretation (7.728528ms)
✔ missing evidence routes to HOLD and UNKNOWN (6.175406ms)
✔ impact explains site, product, dossier and SOP exclusions (2.312408ms)
✔ approved-source selector rejects arbitrary IDs (0.753266ms)
✔ Atom parser preserves official-host item (2.062541ms)
✔ HTML parser rejects off-host links (0.566444ms)
✔ DONE without evidence cannot become verified (0.139971ms)
✔ client request reads saved JSON (10.026044ms)
✔ client request exposes a server gate error (1.335074ms)
✔ intermediary HTML produces a safe message instead of a parse error or raw page (0.522158ms)
✔ timed-out mutation is never repeated and warns that the result can still save (0.581827ms)
✔ read timeout requests a refresh without claiming a successful check (0.727738ms)
✔ caller cancellation remains cancellation (0.595738ms)
✔ Quoted number and unit can pass narrow lexical checks (5.98604ms)
✔ Valid quote cannot carry invented 99.1 percent in narrative (0.385732ms)
✔ Same number with changed unit is rejected (0.15876ms)
✔ A number from another uncited passage is not usable (0.17265ms)
✔ Unknown applicability and conflicts remain visible without invented impact (0.27123ms)
✔ Changed evidence cannot present old finding as current (0.134433ms)
✔ Reading outcome does not change saved evidence (0.11956ms)
✔ Unsupported quantity blocks reviewer call and preserves extractive fallback (16.885031ms)
✔ Invented quantitative headline cannot hide behind an otherwise supported body (0.297549ms)
✔ modal candidates preserve exact archived offsets and distinguish original from passage hashes (9.507562ms)
✔ numbers and units remain literal with no inferred equivalence or conversion (0.379282ms)
✔ decimal punctuation does not detach quantities from their obligation sentence (0.190568ms)
✔ missing archived binding never promotes user-supplied text to official evidence (0.294594ms)
✔ inconsistent archived coordinates fall back to submitted passage coordinates (1.476036ms)
✔ negative and permissive language is displayed without declaring a legal prohibition or exemption (0.236867ms)
✔ no modal extraction is not presented as proof of no obligations (0.175374ms)
✔ candidate budgets become visible gaps instead of silently implying complete coverage (0.579243ms)
✔ graph contains only saved master references, source snapshots and report relationships (3.562514ms)
✔ saved human decision, action and closure references form a navigable evidence chain (0.481567ms)
✔ cross-report records and nonexistent closure references never create invented edges (0.43776ms)
✔ research after a decision requires renewed review without rewriting recorded history (0.341375ms)
✔ stale dependencies also mark historical closure display stale (0.230999ms)
✔ new contracts record exact policy, workflow, model route and binding versions (0.288826ms)
✔ legacy reports explicitly lack historical versions instead of receiving current stamps (0.166731ms)
✔ contract binding tampering is a HOLD reconstruction gap (0.319202ms)
✔ semantically identical reordered master references do not cause a mismatch (0.207032ms)
✔ projections do not mutate saved evidence, contracts or workflow histories (0.354184ms)
✔ synthetic safety scenario: fda-final-candidate (11.360887ms)
✔ synthetic safety scenario: fda-draft-hold (1.072498ms)
✔ synthetic safety scenario: fda-withdrawn-hold (0.573405ms)
✔ synthetic safety scenario: fda-advisory-hold (1.92269ms)
✔ synthetic safety scenario: fda-missing-context-hold (0.448146ms)
✔ synthetic safety scenario: fda-identical-no-change (0.565954ms)
✔ synthetic safety scenario: ema-final-candidate (2.430427ms)
✔ synthetic safety scenario: ema-draft-hold (1.43252ms)
✔ synthetic safety scenario: ema-withdrawn-hold (0.915191ms)
✔ synthetic safety scenario: ema-advisory-hold (0.594347ms)
✔ synthetic safety scenario: ema-missing-context-hold (0.432852ms)
✔ synthetic safety scenario: ema-identical-no-change (0.162726ms)
✔ synthetic safety scenario: mhra-final-candidate (0.628007ms)
✔ synthetic safety scenario: mhra-draft-hold (0.274344ms)
✔ synthetic safety scenario: mhra-withdrawn-hold (0.363899ms)
✔ synthetic safety scenario: mhra-advisory-hold (0.4109ms)
✔ synthetic safety scenario: mhra-missing-context-hold (0.702009ms)
✔ synthetic safety scenario: mhra-identical-no-change (0.237228ms)
✔ synthetic safety scenario: cdsco-final-candidate (0.412472ms)
✔ synthetic safety scenario: cdsco-draft-hold (0.349528ms)
✔ synthetic safety scenario: cdsco-withdrawn-hold (0.319933ms)
✔ synthetic safety scenario: cdsco-advisory-hold (0.367864ms)
✔ synthetic safety scenario: cdsco-missing-context-hold (0.541207ms)
✔ synthetic safety scenario: cdsco-identical-no-change (0.122084ms)
✔ synthetic safety scenario: tga-final-candidate (0.745124ms)
✔ synthetic safety scenario: tga-draft-hold (0.307594ms)
✔ synthetic safety scenario: tga-withdrawn-hold (0.283628ms)
✔ synthetic safety scenario: tga-advisory-hold (0.268666ms)
✔ synthetic safety scenario: tga-missing-context-hold (0.237959ms)
✔ synthetic safety scenario: tga-identical-no-change (0.09957ms)
✔ discovery bounds in-flight work and preserves source order despite completion order (22.75187ms)
✔ empty discovery list does not invoke tools; malformed concurrency rejected (0.756251ms)
✔ permanent or unsafe feed failures are not retried; rate limits remain bounded retry candidates (0.36453ms)
✔ one failed authority dominates new signals and cannot become a no-change result (0.239111ms)
✔ failed discovery drains already-started tools before rejecting and starts no later work (16.018063ms)
✔ empty workspace reports no measurements or fabricated improvement (1.195964ms)
✔ measures stored timestamps, handles UTF-16 passage lengths and distinguishes closure from DONE (0.584161ms)
✔ stale dependencies keep historical measurements without counting current closed actions (0.194954ms)
✔ same-person, unknown-action, mismatched-evidence and duplicate closure do not inflate outcomes (19.632204ms)
✔ incomplete, missing, hash-mismatched or unrelated source versions are excluded from binding coverage (0.391831ms)
✔ malformed saved report does not distort denominator, and partial sample scope is explicit (0.266832ms)
✔ negative or invalid event timestamps never become time-saving claims (0.289427ms)
✔ unrelated report events do not contribute to workspace-projected report outcomes (0.237077ms)
✔ administrator and analyst cannot make regulatory approvals (0.674688ms)
✔ auditor cannot mutate, member grants remain admin-only (0.142345ms)
✔ independent closure rejects self-review (0.256918ms)
✔ unknown roles fail closed (0.136085ms)
✔ public FDA example preserves cautious guidance status and synthetic company labels (5.410431ms)
✔ oversized streamed input rejects and cancels before consuming tail (3.02942ms)
✔ declared oversized request rejected (1.105628ms)
✔ multibyte input obeys byte budget (0.573234ms)
✔ invalid JSON and non-object data rejected (1.241042ms)
✔ valid input survives streamed decoding (1.878864ms)
✔ keyset cursor survives tied timestamp roundtrip (0.34456ms)
✔ bad limits and malformed cursors rejected (0.353834ms)
✔ paging default and explicit bounded limits (0.181533ms)
✔ retrieval returns exact offsets only from supplied tenant archive (1.267372ms)
✔ RIS preserves complete exact passages and full hashes (5.58888ms)
✔ conflicting lifecycle remains visible (1.936061ms)
✔ unverified supplied evidence cannot become ready or authoritative (0.9744ms)
✔ empty related evidence creates no invented citation (0.839326ms)
✔ citation offsets must match exact source (0.413103ms)
✔ redirect to private host is refused before a second request (1.684291ms)
✔ stream size limit rejects undeclared large bodies (2.815998ms)
✔ empty feed cannot become NO_CHANGE (0.803121ms)
✔ machine feeds have separate readable regulator links (0.805004ms)
✔ source parser excludes category itself and preserves official article (0.959588ms)
✔ feed opens individual official document (0.957143ms)
✔ CDSCO table row document retains its public title and direct PDF (0.496619ms)
✔ CDSCO JSP download row is linked with the table title (0.276607ms)
✔ TGA listing retains only direct official news articles (0.211239ms)
ℹ tests 142
ℹ suites 0
ℹ pass 142
ℹ fail 0
ℹ cancelled 0
ℹ skipped 0
ℹ todo 0
ℹ duration_ms 1454.942692
