$ node scripts/run-framework.mjs build

  vinext build  (Vite 8.0.13)

[33m▲ [43;33m[[43;30mWARNING[43;33m][0m [1mProxy environment variables detected. We'll use your proxy for fetch requests.[0m


[1/5] analyze client references...
[2Ktransforming...✓ 242 modules transformed.
rendering chunks...
✓ built in 850ms
[2/5] analyze server references...
[2Ktransforming...✓ 271 modules transformed.
rendering chunks...
✓ built in 477ms
[3/5] build rsc environment...
[2Ktransforming...✓ 239 modules transformed.
rendering chunks...
computing gzip size...
✓ built in 666ms
[4/5] build client environment...
[2Ktransforming...✓ 2045 modules transformed.
rendering chunks...
computing gzip size...
✓ built in 1.53s
[5/5] build ssr environment...
[2Ktransforming...✓ 273 modules transformed.
rendering chunks...
computing gzip size...
✓ built in 616ms
[0m
  Route (app)
  ┌ ? /                 
  ├ ƒ /:screen          
  ├ λ /api/ledger/:path+
  └ ? /mvp-checklist    

  λ API  ƒ Dynamic  ? Unknown

  ? Some routes could not be classified. vinext currently uses static analysis
    and cannot detect dynamic API usage (headers(), cookies(), etc.) at build time.
    Automatic classification will be improved in a future release.

  Build complete. Run `vinext start` to start the production server.

